2026-09-27 19:49:51 [INFO    ] asset-sentinel: Asset Sentinel iniciando...
2026-09-27 19:49:51 [INFO    ] asset-sentinel: Verificacion de binarios OK: subfinder, httpx, nuclei
2026-09-27 19:49:51 [INFO    ] asset-sentinel: Objetivos cargados: 2 dominios en alcance.
2026-09-27 19:49:51 [INFO    ] asset-sentinel: Configuracion: 2 objetivos | Intervalo: 6.0h | Severidades: medium,high,critical
2026-09-27 19:49:51 [INFO    ] asset-sentinel: *** INICIANDO CICLO GLOBAL #1 ***
2026-09-27 19:49:51 [INFO    ] asset-sentinel: ============================================================
2026-09-27 19:49:51 [INFO    ] asset-sentinel: INICIO DE CICLO | Objetivo: ﻿# Asset Sentinel - Objetivos en Alcance
2026-09-27 19:49:51 [INFO    ] asset-sentinel: ============================================================
2026-09-27 19:49:52 [INFO    ] core.notifier: [Notifier] Notificacion enviada exitosamente (message_id=7).
2026-09-27 19:49:52 [INFO    ] core.scanner: [Recon] Iniciando descubrimiento de subdominios para: ﻿# Asset Sentinel - Objetivos en Alcance
2026-09-27 19:50:43 [INFO    ] core.scanner: [Recon] 0 subdominios descubiertos para ﻿# Asset Sentinel - Objetivos en Alcance.
2026-09-27 19:50:43 [INFO    ] core.scanner: [LiveCheck] Verificando 1 hosts con httpx...
2026-09-27 19:50:43 [INFO    ] core.scanner: [LiveCheck] 2 hosts activos encontrados.
2026-09-27 19:50:43 [INFO    ] core.scanner: [Nuclei] Iniciando escaneo sobre 2 hosts...
2026-09-27 19:55:39 [INFO    ] core.scanner: [Nuclei] 1 hallazgos encontrados.
2026-09-27 19:55:39 [ERROR   ] asset-sentinel: Error no controlado en ciclo para '﻿# Asset Sentinel - Objetivos en Alcance': 'list' object has no attribute 'get'
Traceback (most recent call last):
  File "C:\Users\juanc\Desktop\Bounty's\asset-sentinel\main.py", line 324, in main
    stats = run_scan_cycle(target)
  File "C:\Users\juanc\Desktop\Bounty's\asset-sentinel\main.py", line 221, in run_scan_cycle
    template_id = finding.get("template-id", f"finding-{idx}")
                  ^^^^^^^^^^^
AttributeError: 'list' object has no attribute 'get'
2026-09-27 19:55:39 [INFO    ] asset-sentinel: ============================================================
2026-09-27 19:55:39 [INFO    ] asset-sentinel: INICIO DE CICLO | Objetivo: example.com
2026-09-27 19:55:39 [INFO    ] asset-sentinel: ============================================================
2026-09-27 19:55:40 [INFO    ] core.notifier: [Notifier] Notificacion enviada exitosamente (message_id=8).
2026-09-27 19:55:40 [INFO    ] core.scanner: [Recon] Iniciando descubrimiento de subdominios para: example.com
2026-09-27 19:55:48 [INFO    ] core.scanner: [Recon] 7 subdominios descubiertos para example.com.
2026-09-27 19:55:48 [INFO    ] core.scanner: [LiveCheck] Verificando 8 hosts con httpx...
2026-09-27 19:55:48 [INFO    ] core.scanner: [LiveCheck] 2 hosts activos encontrados.
2026-09-27 19:55:48 [INFO    ] core.scanner: [Nuclei] Iniciando escaneo sobre 2 hosts...
2026-09-27 19:56:22 [INFO    ] core.scanner: [Nuclei] 1 hallazgos encontrados.
2026-09-27 19:56:22 [ERROR   ] asset-sentinel: Error no controlado en ciclo para 'example.com': 'list' object has no attribute 'get'
Traceback (most recent call last):
  File "C:\Users\juanc\Desktop\Bounty's\asset-sentinel\main.py", line 324, in main
    stats = run_scan_cycle(target)
  File "C:\Users\juanc\Desktop\Bounty's\asset-sentinel\main.py", line 221, in run_scan_cycle
    template_id = finding.get("template-id", f"finding-{idx}")
                  ^^^^^^^^^^^
AttributeError: 'list' object has no attribute 'get'
2026-09-27 19:56:22 [INFO    ] asset-sentinel: *** CICLO #1 COMPLETADO | Tiempo: 390.7s | Objetivos: 2 | Hallazgos totales: 0 ***
2026-09-27 19:56:22 [INFO    ] asset-sentinel: Proximo ciclo en 6.0 horas (2026-09-28 01:56:22). Esperando...
2026-09-27 19:58:22 [INFO    ] asset-sentinel: Objetivos cargados: 1 dominios en alcance.
2026-09-27 20:00:50 [INFO    ] asset-sentinel: 
Asset Sentinel detenido manualmente (Ctrl+C). Hasta luego.
2026-09-27 20:00:53 [INFO    ] asset-sentinel: Asset Sentinel iniciando...
2026-09-27 20:00:53 [INFO    ] asset-sentinel: Verificacion de binarios OK: subfinder, httpx, nuclei
2026-09-27 20:00:53 [INFO    ] asset-sentinel: Objetivos cargados: 1 dominios en alcance.
2026-09-27 20:00:53 [INFO    ] asset-sentinel: Configuracion: 1 objetivos | Intervalo: 6.0h | Severidades: medium,high,critical
2026-09-27 20:00:53 [INFO    ] asset-sentinel: *** INICIANDO CICLO GLOBAL #1 ***
2026-09-27 20:00:53 [INFO    ] asset-sentinel: ============================================================
2026-09-27 20:00:53 [INFO    ] asset-sentinel: INICIO DE CICLO | Objetivo: smtp2go.com
2026-09-27 20:00:53 [INFO    ] asset-sentinel: ============================================================
2026-09-27 20:00:54 [INFO    ] core.notifier: [Notifier] Notificacion enviada exitosamente (message_id=9).
2026-09-27 20:00:54 [INFO    ] core.scanner: [Recon] Iniciando descubrimiento de subdominios para: smtp2go.com
2026-09-27 20:01:19 [INFO    ] core.scanner: [Recon] 3792 subdominios descubiertos para smtp2go.com.
2026-09-27 20:01:19 [INFO    ] core.scanner: [LiveCheck] Verificando 3793 hosts con httpx...
2026-09-27 20:01:19 [INFO    ] core.scanner: [LiveCheck] 2 hosts activos encontrados.
2026-09-27 20:01:19 [INFO    ] core.scanner: [Nuclei] Iniciando escaneo sobre 2 hosts...
2026-09-27 20:01:50 [INFO    ] core.scanner: [Nuclei] 0 hallazgos encontrados.
2026-09-27 20:01:50 [INFO    ] core.notifier: [Notifier] Notificacion enviada exitosamente (message_id=10).
2026-09-27 20:01:50 [INFO    ] asset-sentinel: FIN DE CICLO | smtp2go.com | Subdominios: 3792 | Hosts activos: 2 | Hallazgos: 0
2026-09-27 20:01:50 [INFO    ] asset-sentinel: *** CICLO #1 COMPLETADO | Tiempo: 56.4s | Objetivos: 1 | Hallazgos totales: 0 ***
2026-09-27 20:01:50 [INFO    ] asset-sentinel: Proximo ciclo en 6.0 horas (2026-09-28 02:01:50). Esperando...
2026-09-27 20:14:49 [INFO    ] asset-sentinel: 
Asset Sentinel detenido manualmente (Ctrl+C). Hasta luego.
2026-09-27 20:14:53 [INFO    ] asset-sentinel: Asset Sentinel iniciando...
2026-09-27 20:14:53 [INFO    ] asset-sentinel: Verificacion de binarios OK: subfinder, httpx, nuclei
2026-09-27 20:14:53 [INFO    ] asset-sentinel: Objetivos cargados: 1 dominios en alcance.
2026-09-27 20:14:53 [INFO    ] asset-sentinel: Configuracion: 1 objetivos | Intervalo: 6.0h | Severidades: medium,high,critical
2026-09-27 20:14:53 [INFO    ] asset-sentinel: Identificacion Safe Harbor: 'X-hackerone: jfm2' activada en escaneos.
2026-09-27 20:14:53 [INFO    ] asset-sentinel: Objetivos cargados: 1 dominios en alcance.
2026-09-27 20:14:53 [INFO    ] asset-sentinel: *** INICIANDO CICLO GLOBAL #1 (1 objetivos) ***
2026-09-27 20:14:53 [INFO    ] asset-sentinel: ============================================================
2026-09-27 20:14:53 [INFO    ] asset-sentinel: INICIO DE CICLO | Objetivo: smtp2go.com
2026-09-27 20:14:53 [INFO    ] asset-sentinel: ============================================================
2026-09-27 20:14:53 [INFO    ] core.notifier: [Notifier] Notificacion enviada exitosamente (message_id=11).
2026-09-27 20:14:54 [INFO    ] core.scanner: [Recon] Iniciando descubrimiento de subdominios para: smtp2go.com
2026-09-27 20:15:03 [INFO    ] core.scanner: [Recon] 3792 subdominios descubiertos para smtp2go.com.
2026-09-27 20:15:03 [INFO    ] core.scanner: [LiveCheck] Verificando 3793 hosts con httpx...
2026-09-27 20:15:03 [INFO    ] core.scanner: [LiveCheck] 2 hosts activos encontrados.
2026-09-27 20:15:03 [INFO    ] core.scanner: [Nuclei] Iniciando escaneo sobre 2 hosts...
2026-09-27 20:15:29 [INFO    ] core.scanner: [Nuclei] 0 hallazgos encontrados.
2026-09-27 20:15:29 [INFO    ] core.notifier: [Notifier] Notificacion enviada exitosamente (message_id=12).
2026-09-27 20:15:29 [INFO    ] asset-sentinel: FIN DE CICLO | smtp2go.com | Subdominios: 3792 | Hosts activos: 2 | Hallazgos: 0
2026-09-27 20:15:29 [INFO    ] asset-sentinel: *** CICLO #1 COMPLETADO | Tiempo: 36.3s | Objetivos: 1 | Hallazgos totales: 0 ***
2026-09-27 20:15:29 [INFO    ] asset-sentinel: Proximo ciclo en 6.0 horas (2026-09-28 02:15:29). Esperando...
2026-09-27 20:17:09 [INFO    ] asset-sentinel: Objetivos cargados: 4 dominios en alcance.
2026-09-27 20:17:29 [INFO    ] asset-sentinel: 
Asset Sentinel detenido manualmente (Ctrl+C). Hasta luego.
2026-09-27 20:17:33 [INFO    ] asset-sentinel: Asset Sentinel iniciando...
2026-09-27 20:17:33 [INFO    ] asset-sentinel: Verificacion de binarios OK: subfinder, httpx, nuclei
2026-09-27 20:17:33 [INFO    ] asset-sentinel: Objetivos cargados: 4 dominios en alcance.
2026-09-27 20:17:33 [INFO    ] asset-sentinel: Configuracion: 4 objetivos | Intervalo: 6.0h | Severidades: medium,high,critical
2026-09-27 20:17:33 [INFO    ] asset-sentinel: Identificacion Safe Harbor: 'X-hackerone: jfm2' activada en escaneos.
2026-09-27 20:17:33 [INFO    ] asset-sentinel: Objetivos cargados: 4 dominios en alcance.
2026-09-27 20:17:33 [INFO    ] asset-sentinel: *** INICIANDO CICLO GLOBAL #1 (4 objetivos) ***
2026-09-27 20:17:33 [INFO    ] asset-sentinel: ============================================================
2026-09-27 20:17:33 [INFO    ] asset-sentinel: INICIO DE CICLO | Objetivo: smtp2go.com
2026-09-27 20:17:33 [INFO    ] asset-sentinel: ============================================================
2026-09-27 20:17:34 [INFO    ] core.notifier: [Notifier] Notificacion enviada exitosamente (message_id=13).
2026-09-27 20:17:34 [INFO    ] core.scanner: [Recon] Iniciando descubrimiento de subdominios para: smtp2go.com
2026-09-27 20:17:54 [INFO    ] asset-sentinel: 
Asset Sentinel detenido manualmente (Ctrl+C). Hasta luego.
2026-09-27 20:17:58 [INFO    ] asset-sentinel: Asset Sentinel iniciando...
2026-09-27 20:17:58 [INFO    ] asset-sentinel: Verificacion de binarios OK: subfinder, httpx, nuclei
2026-09-27 20:17:58 [INFO    ] asset-sentinel: Objetivos cargados: 3 dominios en alcance.
2026-09-27 20:17:58 [INFO    ] asset-sentinel: Configuracion: 3 objetivos | Intervalo: 6.0h | Severidades: medium,high,critical
2026-09-27 20:17:58 [INFO    ] asset-sentinel: Identificacion Safe Harbor: 'X-hackerone: jfm2' activada en escaneos.
2026-09-27 20:17:58 [INFO    ] asset-sentinel: Objetivos cargados: 3 dominios en alcance.
2026-09-27 20:17:58 [INFO    ] asset-sentinel: *** INICIANDO CICLO GLOBAL #1 (3 objetivos) ***
2026-09-27 20:17:58 [INFO    ] asset-sentinel: ============================================================
2026-09-27 20:17:58 [INFO    ] asset-sentinel: INICIO DE CICLO | Objetivo: www.vrbo.com
2026-09-27 20:17:58 [INFO    ] asset-sentinel: ============================================================
2026-09-27 20:17:58 [INFO    ] core.notifier: [Notifier] Notificacion enviada exitosamente (message_id=14).
2026-09-27 20:17:58 [INFO    ] core.scanner: [Recon] Iniciando descubrimiento de subdominios para: www.vrbo.com
2026-09-27 20:18:36 [INFO    ] core.scanner: [Recon] 0 subdominios descubiertos para www.vrbo.com.
2026-09-27 20:18:36 [INFO    ] core.scanner: [LiveCheck] Verificando 1 hosts con httpx...
2026-09-27 20:18:36 [INFO    ] core.scanner: [LiveCheck] 2 hosts activos encontrados.
2026-09-27 20:18:36 [INFO    ] core.scanner: [Nuclei] Iniciando escaneo sobre 2 hosts...
2026-09-27 20:19:06 [INFO    ] core.scanner: [Nuclei] 0 hallazgos encontrados.
2026-09-27 20:19:06 [INFO    ] core.notifier: [Notifier] Notificacion enviada exitosamente (message_id=15).
2026-09-27 20:19:06 [INFO    ] asset-sentinel: FIN DE CICLO | www.vrbo.com | Subdominios: 0 | Hosts activos: 2 | Hallazgos: 0
2026-09-27 20:19:06 [INFO    ] asset-sentinel: ============================================================
2026-09-27 20:19:06 [INFO    ] asset-sentinel: INICIO DE CICLO | Objetivo: www.hotels.com
2026-09-27 20:19:06 [INFO    ] asset-sentinel: ============================================================
2026-09-27 20:19:06 [INFO    ] core.notifier: [Notifier] Notificacion enviada exitosamente (message_id=16).
2026-09-27 20:19:06 [INFO    ] core.scanner: [Recon] Iniciando descubrimiento de subdominios para: www.hotels.com
2026-09-27 20:19:49 [INFO    ] core.scanner: [Recon] 0 subdominios descubiertos para www.hotels.com.
2026-09-27 20:19:49 [INFO    ] core.scanner: [LiveCheck] Verificando 1 hosts con httpx...
2026-09-27 20:19:49 [INFO    ] core.scanner: [LiveCheck] 2 hosts activos encontrados.
2026-09-27 20:19:49 [INFO    ] core.scanner: [Nuclei] Iniciando escaneo sobre 2 hosts...
2026-09-27 20:20:22 [INFO    ] core.scanner: [Nuclei] 0 hallazgos encontrados.
2026-09-27 20:20:22 [INFO    ] core.notifier: [Notifier] Notificacion enviada exitosamente (message_id=17).
2026-09-27 20:20:22 [INFO    ] asset-sentinel: FIN DE CICLO | www.hotels.com | Subdominios: 0 | Hosts activos: 2 | Hallazgos: 0
2026-09-27 20:20:22 [INFO    ] asset-sentinel: ============================================================
2026-09-27 20:20:22 [INFO    ] asset-sentinel: INICIO DE CICLO | Objetivo: www.expedia.com
2026-09-27 20:20:22 [INFO    ] asset-sentinel: ============================================================
2026-09-27 20:20:22 [INFO    ] core.notifier: [Notifier] Notificacion enviada exitosamente (message_id=18).
2026-09-27 20:20:22 [INFO    ] core.scanner: [Recon] Iniciando descubrimiento de subdominios para: www.expedia.com
2026-09-27 20:20:51 [INFO    ] core.scanner: [Recon] 0 subdominios descubiertos para www.expedia.com.
2026-09-27 20:20:51 [INFO    ] core.scanner: [LiveCheck] Verificando 1 hosts con httpx...
2026-09-27 20:20:51 [INFO    ] core.scanner: [LiveCheck] 2 hosts activos encontrados.
2026-09-27 20:20:51 [INFO    ] core.scanner: [Nuclei] Iniciando escaneo sobre 2 hosts...
2026-09-27 20:21:22 [INFO    ] core.scanner: [Nuclei] 0 hallazgos encontrados.
2026-09-27 20:21:23 [INFO    ] core.notifier: [Notifier] Notificacion enviada exitosamente (message_id=19).
2026-09-27 20:21:23 [INFO    ] asset-sentinel: FIN DE CICLO | www.expedia.com | Subdominios: 0 | Hosts activos: 2 | Hallazgos: 0
2026-09-27 20:21:23 [INFO    ] asset-sentinel: *** CICLO #1 COMPLETADO | Tiempo: 205.2s | Objetivos: 3 | Hallazgos totales: 0 ***
2026-09-27 20:21:23 [INFO    ] asset-sentinel: Proximo ciclo en 6.0 horas (2026-09-28 02:21:23). Esperando...
2026-09-27 20:43:34 [INFO    ] asset-sentinel: 
Asset Sentinel detenido manualmente (Ctrl+C). Hasta luego.
2026-09-27 20:44:19 [INFO    ] asset-sentinel: Asset Sentinel iniciando...
2026-09-27 20:44:19 [INFO    ] asset-sentinel: Verificacion de binarios OK: subfinder, httpx, nuclei
2026-09-27 20:44:19 [INFO    ] asset-sentinel: Objetivos cargados: 3 dominios en alcance.
2026-09-27 20:44:19 [INFO    ] asset-sentinel: Configuracion: 3 objetivos | Intervalo: 6.0h | Severidades: medium,high,critical
2026-09-27 20:44:19 [INFO    ] asset-sentinel: Identificacion Safe Harbor: 'X-hackerone: jfm2' activada en escaneos.
2026-09-27 20:44:19 [INFO    ] asset-sentinel: Objetivos cargados: 3 dominios en alcance.
2026-09-27 20:44:19 [INFO    ] asset-sentinel: *** INICIANDO CICLO GLOBAL #1 (3 objetivos) ***
2026-09-27 20:44:19 [INFO    ] asset-sentinel: ============================================================
2026-09-27 20:44:19 [INFO    ] asset-sentinel: INICIO DE CICLO | Objetivo: www.vrbo.com
2026-09-27 20:44:19 [INFO    ] asset-sentinel: ============================================================
2026-09-27 20:44:19 [INFO    ] core.notifier: [Notifier] Notificacion enviada exitosamente (message_id=20).
2026-09-27 20:44:19 [INFO    ] core.scanner: [Recon] Iniciando descubrimiento de subdominios para: www.vrbo.com
2026-09-27 20:44:40 [INFO    ] core.scanner: [Recon] 0 subdominios descubiertos para www.vrbo.com.
2026-09-27 20:44:40 [INFO    ] core.scanner: [LiveCheck] Verificando 1 hosts con httpx...
2026-09-27 20:44:41 [INFO    ] core.scanner: [LiveCheck] 2 hosts activos encontrados.
2026-09-27 20:44:41 [INFO    ] core.scanner: [Nuclei] Iniciando escaneo sobre 2 hosts...
2026-09-27 20:45:10 [INFO    ] core.scanner: [Nuclei] 0 hallazgos encontrados.
2026-09-27 20:45:10 [INFO    ] core.notifier: [Notifier] Notificacion enviada exitosamente (message_id=21).
2026-09-27 20:45:10 [INFO    ] asset-sentinel: FIN DE CICLO | www.vrbo.com | Subdominios: 0 | Hosts activos: 2 | Hallazgos: 0
2026-09-27 20:45:10 [INFO    ] asset-sentinel: ============================================================
2026-09-27 20:45:10 [INFO    ] asset-sentinel: INICIO DE CICLO | Objetivo: www.hotels.com
2026-09-27 20:45:10 [INFO    ] asset-sentinel: ============================================================
2026-09-27 20:45:11 [INFO    ] core.notifier: [Notifier] Notificacion enviada exitosamente (message_id=22).
2026-09-27 20:45:11 [INFO    ] core.scanner: [Recon] Iniciando descubrimiento de subdominios para: www.hotels.com
2026-09-27 20:45:32 [INFO    ] core.scanner: [Recon] 0 subdominios descubiertos para www.hotels.com.
2026-09-27 20:45:32 [INFO    ] core.scanner: [LiveCheck] Verificando 1 hosts con httpx...
2026-09-27 20:45:33 [INFO    ] core.scanner: [LiveCheck] 2 hosts activos encontrados.
2026-09-27 20:45:33 [INFO    ] core.scanner: [Nuclei] Iniciando escaneo sobre 2 hosts...
2026-09-27 20:46:01 [INFO    ] core.scanner: [Nuclei] 0 hallazgos encontrados.
2026-09-27 20:46:02 [INFO    ] core.notifier: [Notifier] Notificacion enviada exitosamente (message_id=23).
2026-09-27 20:46:02 [INFO    ] asset-sentinel: FIN DE CICLO | www.hotels.com | Subdominios: 0 | Hosts activos: 2 | Hallazgos: 0
2026-09-27 20:46:02 [INFO    ] asset-sentinel: ============================================================
2026-09-27 20:46:02 [INFO    ] asset-sentinel: INICIO DE CICLO | Objetivo: www.expedia.com
2026-09-27 20:46:02 [INFO    ] asset-sentinel: ============================================================
2026-09-27 20:46:02 [INFO    ] core.notifier: [Notifier] Notificacion enviada exitosamente (message_id=24).
2026-09-27 20:46:02 [INFO    ] core.scanner: [Recon] Iniciando descubrimiento de subdominios para: www.expedia.com
2026-09-27 20:46:24 [INFO    ] core.scanner: [Recon] 0 subdominios descubiertos para www.expedia.com.
2026-09-27 20:46:24 [INFO    ] core.scanner: [LiveCheck] Verificando 1 hosts con httpx...
2026-09-27 20:46:24 [INFO    ] core.scanner: [LiveCheck] 2 hosts activos encontrados.
2026-09-27 20:46:24 [INFO    ] core.scanner: [Nuclei] Iniciando escaneo sobre 2 hosts...
2026-09-27 20:46:51 [INFO    ] core.scanner: [Nuclei] 0 hallazgos encontrados.
2026-09-27 20:46:52 [INFO    ] core.notifier: [Notifier] Notificacion enviada exitosamente (message_id=25).
2026-09-27 20:46:52 [INFO    ] asset-sentinel: FIN DE CICLO | www.expedia.com | Subdominios: 0 | Hosts activos: 2 | Hallazgos: 0
2026-09-27 20:46:52 [INFO    ] asset-sentinel: *** CICLO #1 COMPLETADO | Tiempo: 152.9s | Objetivos: 3 | Hallazgos totales: 0 ***
2026-09-27 20:46:52 [INFO    ] asset-sentinel: Proximo ciclo en 6.0 horas (2026-09-28 02:46:52). Esperando...
2026-09-27 20:53:32 [INFO    ] asset-sentinel: 
Asset Sentinel detenido manualmente (Ctrl+C). Hasta luego.
2026-09-27 20:53:43 [INFO    ] asset-sentinel: Asset Sentinel iniciando...
2026-09-27 20:53:43 [INFO    ] asset-sentinel: Verificacion de binarios OK: subfinder, httpx, nuclei
2026-09-27 20:53:43 [INFO    ] asset-sentinel: Objetivos cargados: 9 dominios en alcance.
2026-09-27 20:53:43 [INFO    ] asset-sentinel: Configuracion: 9 objetivos | Intervalo: 6.0h | Severidades: medium,high,critical
2026-09-27 20:53:43 [INFO    ] asset-sentinel: Identificacion Safe Harbor: 'X-hackerone: jfm2' activada en escaneos.
2026-09-27 20:53:43 [INFO    ] asset-sentinel: Objetivos cargados: 9 dominios en alcance.
2026-09-27 20:53:43 [INFO    ] asset-sentinel: *** INICIANDO CICLO GLOBAL #1 (9 objetivos) ***
2026-09-27 20:53:43 [INFO    ] asset-sentinel: ============================================================
2026-09-27 20:53:43 [INFO    ] asset-sentinel: INICIO DE CICLO | Objetivo: vrbo.com
2026-09-27 20:53:43 [INFO    ] asset-sentinel: ============================================================
2026-09-27 20:53:44 [INFO    ] core.notifier: [Notifier] Notificacion enviada exitosamente (message_id=26).
2026-09-27 20:53:44 [INFO    ] core.scanner: [Recon] Iniciando descubrimiento de subdominios para: vrbo.com
2026-09-27 20:54:06 [INFO    ] core.scanner: [Recon] 102 subdominios descubiertos para vrbo.com.
2026-09-27 20:54:06 [INFO    ] core.scanner: [LiveCheck] Verificando 103 hosts con httpx...
2026-09-27 20:54:06 [INFO    ] core.scanner: [LiveCheck] 2 hosts activos encontrados.
2026-09-27 20:54:06 [INFO    ] core.scanner: [Nuclei] Iniciando escaneo sobre 2 hosts...
2026-09-27 20:54:40 [INFO    ] core.scanner: [Nuclei] 0 hallazgos encontrados.
2026-09-27 20:54:41 [INFO    ] core.notifier: [Notifier] Notificacion enviada exitosamente (message_id=27).
2026-09-27 20:54:41 [INFO    ] asset-sentinel: FIN DE CICLO | vrbo.com | Subdominios: 102 | Hosts activos: 2 | Hallazgos: 0
2026-09-27 20:54:41 [INFO    ] asset-sentinel: ============================================================
2026-09-27 20:54:41 [INFO    ] asset-sentinel: INICIO DE CICLO | Objetivo: hotels.com
2026-09-27 20:54:41 [INFO    ] asset-sentinel: ============================================================
2026-09-27 20:54:41 [INFO    ] core.notifier: [Notifier] Notificacion enviada exitosamente (message_id=28).
2026-09-27 20:54:41 [INFO    ] core.scanner: [Recon] Iniciando descubrimiento de subdominios para: hotels.com
2026-09-27 20:55:03 [INFO    ] core.scanner: [Recon] 150 subdominios descubiertos para hotels.com.
2026-09-27 20:55:03 [INFO    ] core.scanner: [LiveCheck] Verificando 151 hosts con httpx...
2026-09-27 20:55:03 [INFO    ] core.scanner: [LiveCheck] 2 hosts activos encontrados.
2026-09-27 20:55:03 [INFO    ] core.scanner: [Nuclei] Iniciando escaneo sobre 2 hosts...
2026-09-27 20:55:35 [INFO    ] core.scanner: [Nuclei] 0 hallazgos encontrados.
2026-09-27 20:55:35 [INFO    ] core.notifier: [Notifier] Notificacion enviada exitosamente (message_id=29).
2026-09-27 20:55:35 [INFO    ] asset-sentinel: FIN DE CICLO | hotels.com | Subdominios: 150 | Hosts activos: 2 | Hallazgos: 0
2026-09-27 20:55:35 [INFO    ] asset-sentinel: ============================================================
2026-09-27 20:55:35 [INFO    ] asset-sentinel: INICIO DE CICLO | Objetivo: expedia.com
2026-09-27 20:55:35 [INFO    ] asset-sentinel: ============================================================
2026-09-27 20:55:35 [INFO    ] core.notifier: [Notifier] Notificacion enviada exitosamente (message_id=30).
2026-09-27 20:55:35 [INFO    ] core.scanner: [Recon] Iniciando descubrimiento de subdominios para: expedia.com
2026-09-27 20:56:08 [INFO    ] core.scanner: [Recon] 3487 subdominios descubiertos para expedia.com.
2026-09-27 20:56:08 [INFO    ] core.scanner: [LiveCheck] Verificando 3488 hosts con httpx...
2026-09-27 20:56:09 [INFO    ] core.scanner: [LiveCheck] 2 hosts activos encontrados.
2026-09-27 20:56:09 [INFO    ] core.scanner: [Nuclei] Iniciando escaneo sobre 2 hosts...
2026-09-27 20:56:38 [INFO    ] core.scanner: [Nuclei] 0 hallazgos encontrados.
2026-09-27 20:56:39 [INFO    ] core.notifier: [Notifier] Notificacion enviada exitosamente (message_id=31).
2026-09-27 20:56:39 [INFO    ] asset-sentinel: FIN DE CICLO | expedia.com | Subdominios: 3487 | Hosts activos: 2 | Hallazgos: 0
2026-09-27 20:56:39 [INFO    ] asset-sentinel: ============================================================
2026-09-27 20:56:39 [INFO    ] asset-sentinel: INICIO DE CICLO | Objetivo: zooplus.net
2026-09-27 20:56:39 [INFO    ] asset-sentinel: ============================================================
2026-09-27 20:56:39 [INFO    ] core.notifier: [Notifier] Notificacion enviada exitosamente (message_id=32).
2026-09-27 20:56:39 [INFO    ] core.scanner: [Recon] Iniciando descubrimiento de subdominios para: zooplus.net
2026-09-27 20:57:01 [INFO    ] core.scanner: [Recon] 224 subdominios descubiertos para zooplus.net.
2026-09-27 20:57:01 [INFO    ] core.scanner: [LiveCheck] Verificando 225 hosts con httpx...
2026-09-27 20:57:01 [INFO    ] core.scanner: [LiveCheck] 2 hosts activos encontrados.
2026-09-27 20:57:01 [INFO    ] core.scanner: [Nuclei] Iniciando escaneo sobre 2 hosts...
2026-09-27 20:57:31 [INFO    ] core.scanner: [Nuclei] 0 hallazgos encontrados.
2026-09-27 20:57:31 [INFO    ] core.notifier: [Notifier] Notificacion enviada exitosamente (message_id=33).
2026-09-27 20:57:31 [INFO    ] asset-sentinel: FIN DE CICLO | zooplus.net | Subdominios: 224 | Hosts activos: 2 | Hallazgos: 0
2026-09-27 20:57:31 [INFO    ] asset-sentinel: ============================================================
2026-09-27 20:57:31 [INFO    ] asset-sentinel: INICIO DE CICLO | Objetivo: zooplus.de
2026-09-27 20:57:31 [INFO    ] asset-sentinel: ============================================================
2026-09-27 20:57:32 [INFO    ] core.notifier: [Notifier] Notificacion enviada exitosamente (message_id=34).
2026-09-27 20:57:32 [INFO    ] core.scanner: [Recon] Iniciando descubrimiento de subdominios para: zooplus.de
2026-09-27 20:57:59 [INFO    ] core.scanner: [Recon] 57 subdominios descubiertos para zooplus.de.
2026-09-27 20:57:59 [INFO    ] core.scanner: [LiveCheck] Verificando 58 hosts con httpx...
2026-09-27 20:57:59 [INFO    ] core.scanner: [LiveCheck] 2 hosts activos encontrados.
2026-09-27 20:57:59 [INFO    ] core.scanner: [Nuclei] Iniciando escaneo sobre 2 hosts...
2026-09-27 20:58:25 [INFO    ] core.scanner: [Nuclei] 0 hallazgos encontrados.
2026-09-27 20:58:25 [INFO    ] core.notifier: [Notifier] Notificacion enviada exitosamente (message_id=35).
2026-09-27 20:58:25 [INFO    ] asset-sentinel: FIN DE CICLO | zooplus.de | Subdominios: 57 | Hosts activos: 2 | Hallazgos: 0
2026-09-27 20:58:25 [INFO    ] asset-sentinel: ============================================================
2026-09-27 20:58:25 [INFO    ] asset-sentinel: INICIO DE CICLO | Objetivo: zooplus.com
2026-09-27 20:58:25 [INFO    ] asset-sentinel: ============================================================
2026-09-27 20:58:26 [INFO    ] core.notifier: [Notifier] Notificacion enviada exitosamente (message_id=36).
2026-09-27 20:58:26 [INFO    ] core.scanner: [Recon] Iniciando descubrimiento de subdominios para: zooplus.com
2026-09-27 20:59:04 [INFO    ] core.scanner: [Recon] 89 subdominios descubiertos para zooplus.com.
2026-09-27 20:59:04 [INFO    ] core.scanner: [LiveCheck] Verificando 90 hosts con httpx...
2026-09-27 20:59:04 [INFO    ] core.scanner: [LiveCheck] 2 hosts activos encontrados.
2026-09-27 20:59:04 [INFO    ] core.scanner: [Nuclei] Iniciando escaneo sobre 2 hosts...
2026-09-27 20:59:30 [INFO    ] core.scanner: [Nuclei] 0 hallazgos encontrados.
2026-09-27 20:59:30 [INFO    ] core.notifier: [Notifier] Notificacion enviada exitosamente (message_id=37).
2026-09-27 20:59:30 [INFO    ] asset-sentinel: FIN DE CICLO | zooplus.com | Subdominios: 89 | Hosts activos: 2 | Hallazgos: 0
2026-09-27 20:59:30 [INFO    ] asset-sentinel: ============================================================
2026-09-27 20:59:30 [INFO    ] asset-sentinel: INICIO DE CICLO | Objetivo: shop.whoop.com
2026-09-27 20:59:30 [INFO    ] asset-sentinel: ============================================================
2026-09-27 20:59:30 [INFO    ] core.notifier: [Notifier] Notificacion enviada exitosamente (message_id=38).
2026-09-27 20:59:30 [INFO    ] core.scanner: [Recon] Iniciando descubrimiento de subdominios para: shop.whoop.com
2026-09-27 21:00:06 [INFO    ] core.scanner: [Recon] 8 subdominios descubiertos para shop.whoop.com.
2026-09-27 21:00:06 [INFO    ] core.scanner: [LiveCheck] Verificando 9 hosts con httpx...
2026-09-27 21:00:06 [INFO    ] core.scanner: [LiveCheck] 2 hosts activos encontrados.
2026-09-27 21:00:06 [INFO    ] core.scanner: [Nuclei] Iniciando escaneo sobre 2 hosts...
2026-09-27 21:00:34 [INFO    ] core.scanner: [Nuclei] 0 hallazgos encontrados.
2026-09-27 21:00:35 [INFO    ] core.notifier: [Notifier] Notificacion enviada exitosamente (message_id=39).
2026-09-27 21:00:35 [INFO    ] asset-sentinel: FIN DE CICLO | shop.whoop.com | Subdominios: 8 | Hosts activos: 2 | Hallazgos: 0
2026-09-27 21:00:35 [INFO    ] asset-sentinel: ============================================================
2026-09-27 21:00:35 [INFO    ] asset-sentinel: INICIO DE CICLO | Objetivo: app.whoop.com
2026-09-27 21:00:35 [INFO    ] asset-sentinel: ============================================================
2026-09-27 21:00:35 [INFO    ] core.notifier: [Notifier] Notificacion enviada exitosamente (message_id=40).
2026-09-27 21:00:35 [INFO    ] core.scanner: [Recon] Iniciando descubrimiento de subdominios para: app.whoop.com
2026-09-27 21:01:06 [INFO    ] core.scanner: [Recon] 2 subdominios descubiertos para app.whoop.com.
2026-09-27 21:01:06 [INFO    ] core.scanner: [LiveCheck] Verificando 3 hosts con httpx...
2026-09-27 21:01:06 [INFO    ] core.scanner: [LiveCheck] 2 hosts activos encontrados.
2026-09-27 21:01:06 [INFO    ] core.scanner: [Nuclei] Iniciando escaneo sobre 2 hosts...
2026-09-27 21:01:38 [INFO    ] core.scanner: [Nuclei] 0 hallazgos encontrados.
2026-09-27 21:01:39 [INFO    ] core.notifier: [Notifier] Notificacion enviada exitosamente (message_id=41).
2026-09-27 21:01:39 [INFO    ] asset-sentinel: FIN DE CICLO | app.whoop.com | Subdominios: 2 | Hosts activos: 2 | Hallazgos: 0
2026-09-27 21:01:39 [INFO    ] asset-sentinel: ============================================================
2026-09-27 21:01:39 [INFO    ] asset-sentinel: INICIO DE CICLO | Objetivo: api.prod.whoop.com
2026-09-27 21:01:39 [INFO    ] asset-sentinel: ============================================================
2026-09-27 21:01:39 [INFO    ] core.notifier: [Notifier] Notificacion enviada exitosamente (message_id=42).
2026-09-27 21:01:39 [INFO    ] core.scanner: [Recon] Iniciando descubrimiento de subdominios para: api.prod.whoop.com
2026-09-27 21:02:19 [INFO    ] core.scanner: [Recon] 0 subdominios descubiertos para api.prod.whoop.com.
2026-09-27 21:02:19 [INFO    ] core.scanner: [LiveCheck] Verificando 1 hosts con httpx...
2026-09-27 21:02:19 [INFO    ] core.scanner: [LiveCheck] 2 hosts activos encontrados.
2026-09-27 21:02:19 [INFO    ] core.scanner: [Nuclei] Iniciando escaneo sobre 2 hosts...
2026-09-27 21:02:47 [INFO    ] core.scanner: [Nuclei] 0 hallazgos encontrados.
2026-09-27 21:02:48 [INFO    ] core.notifier: [Notifier] Notificacion enviada exitosamente (message_id=43).
2026-09-27 21:02:48 [INFO    ] asset-sentinel: FIN DE CICLO | api.prod.whoop.com | Subdominios: 0 | Hosts activos: 2 | Hallazgos: 0
2026-09-27 21:02:48 [INFO    ] asset-sentinel: *** CICLO #1 COMPLETADO | Tiempo: 544.4s | Objetivos: 9 | Hallazgos totales: 0 ***
2026-09-27 21:02:48 [INFO    ] asset-sentinel: Proximo ciclo en 6.0 horas (2026-09-28 03:02:48). Esperando...
2026-09-27 21:06:49 [INFO    ] asset-sentinel: 
Asset Sentinel detenido manualmente (Ctrl+C). Hasta luego.
2026-09-27 21:12:46 [INFO    ] asset-sentinel: Asset Sentinel iniciando...
2026-09-27 21:12:46 [INFO    ] asset-sentinel: Verificacion de binarios OK: subfinder, httpx, nuclei
2026-09-27 21:12:46 [INFO    ] asset-sentinel: Objetivos cargados: 9 dominios en alcance.
2026-09-27 21:12:46 [INFO    ] asset-sentinel: Configuracion: 9 objetivos | Intervalo: 6.0h | Severidades: medium,high,critical
2026-09-27 21:12:46 [INFO    ] asset-sentinel: Identificacion Safe Harbor: 'X-hackerone: jfm2' activada en escaneos.
2026-09-27 21:12:46 [INFO    ] asset-sentinel: Objetivos cargados: 9 dominios en alcance.
2026-09-27 21:12:46 [INFO    ] asset-sentinel: *** INICIANDO CICLO GLOBAL #1 (9 objetivos) ***
2026-09-27 21:12:46 [INFO    ] core.scanner: [Nuclei] Verificando actualizaciones de plantillas comunitarias...
2026-09-27 21:12:47 [INFO    ] core.scanner: [Nuclei] Plantillas de Nuclei al dia.
2026-09-27 21:12:47 [INFO    ] asset-sentinel: ============================================================
2026-09-27 21:12:47 [INFO    ] asset-sentinel: INICIO DE CICLO | Objetivo: vrbo.com
2026-09-27 21:12:47 [INFO    ] asset-sentinel: ============================================================
2026-09-27 21:12:47 [INFO    ] core.notifier: [Notifier] Notificacion enviada exitosamente (message_id=44).
2026-09-27 21:12:47 [INFO    ] core.scanner: [Recon] Iniciando descubrimiento de subdominios para: vrbo.com
2026-09-27 21:13:09 [INFO    ] core.scanner: [Recon] 148 subdominios descubiertos para vrbo.com.
2026-09-27 21:13:09 [INFO    ] asset-sentinel: ⚡ [Delta] 148 NUEVO(S) subdominios detectados para vrbo.com!
2026-09-27 21:13:10 [INFO    ] core.notifier: [Notifier] Notificacion enviada exitosamente (message_id=45).
2026-09-27 21:13:10 [INFO    ] core.scanner: [LiveCheck] Verificando 149 hosts con httpx...
2026-09-27 21:13:10 [INFO    ] core.scanner: [LiveCheck] 2 hosts activos encontrados.
2026-09-27 21:13:10 [INFO    ] core.scanner: [Nuclei] Iniciando escaneo sobre 2 hosts...
2026-09-27 21:13:35 [INFO    ] core.scanner: [Nuclei] 0 hallazgos encontrados.
2026-09-27 21:13:36 [INFO    ] core.notifier: [Notifier] Notificacion enviada exitosamente (message_id=46).
2026-09-27 21:13:36 [INFO    ] asset-sentinel: FIN DE CICLO | vrbo.com | Subdominios: 148 | Hosts activos: 2 | Hallazgos: 0
2026-09-27 21:13:36 [INFO    ] asset-sentinel: ============================================================
2026-09-27 21:13:36 [INFO    ] asset-sentinel: INICIO DE CICLO | Objetivo: hotels.com
2026-09-27 21:13:36 [INFO    ] asset-sentinel: ============================================================
2026-09-27 21:13:36 [INFO    ] core.notifier: [Notifier] Notificacion enviada exitosamente (message_id=47).
2026-09-27 21:13:36 [INFO    ] core.scanner: [Recon] Iniciando descubrimiento de subdominios para: hotels.com
2026-09-27 21:14:37 [INFO    ] core.scanner: [Recon] 309 subdominios descubiertos para hotels.com.
2026-09-27 21:14:37 [INFO    ] asset-sentinel: ⚡ [Delta] 309 NUEVO(S) subdominios detectados para hotels.com!
2026-09-27 21:14:38 [INFO    ] core.notifier: [Notifier] Notificacion enviada exitosamente (message_id=48).
2026-09-27 21:14:38 [INFO    ] core.scanner: [LiveCheck] Verificando 310 hosts con httpx...
2026-09-27 21:14:38 [INFO    ] core.scanner: [LiveCheck] 2 hosts activos encontrados.
2026-09-27 21:14:38 [INFO    ] core.scanner: [Nuclei] Iniciando escaneo sobre 2 hosts...
2026-09-27 21:15:00 [INFO    ] core.scanner: [Nuclei] 0 hallazgos encontrados.
2026-09-27 21:15:00 [INFO    ] core.notifier: [Notifier] Notificacion enviada exitosamente (message_id=49).
2026-09-27 21:15:00 [INFO    ] asset-sentinel: FIN DE CICLO | hotels.com | Subdominios: 309 | Hosts activos: 2 | Hallazgos: 0
2026-09-27 21:15:00 [INFO    ] asset-sentinel: ============================================================
2026-09-27 21:15:00 [INFO    ] asset-sentinel: INICIO DE CICLO | Objetivo: expedia.com
2026-09-27 21:15:00 [INFO    ] asset-sentinel: ============================================================
2026-09-27 21:15:00 [INFO    ] core.notifier: [Notifier] Notificacion enviada exitosamente (message_id=50).
2026-09-27 21:15:00 [INFO    ] core.scanner: [Recon] Iniciando descubrimiento de subdominios para: expedia.com
2026-09-27 21:15:43 [INFO    ] core.scanner: [Recon] 3487 subdominios descubiertos para expedia.com.
2026-09-27 21:15:43 [INFO    ] asset-sentinel: ⚡ [Delta] 3487 NUEVO(S) subdominios detectados para expedia.com!
2026-09-27 21:15:43 [INFO    ] core.notifier: [Notifier] Notificacion enviada exitosamente (message_id=51).
2026-09-27 21:15:43 [INFO    ] core.scanner: [LiveCheck] Verificando 3488 hosts con httpx...
2026-09-27 21:15:43 [INFO    ] core.scanner: [LiveCheck] 2 hosts activos encontrados.
2026-09-27 21:15:43 [INFO    ] core.scanner: [Nuclei] Iniciando escaneo sobre 2 hosts...
2026-09-27 21:16:13 [INFO    ] core.scanner: [Nuclei] 0 hallazgos encontrados.
2026-09-27 21:16:14 [INFO    ] core.notifier: [Notifier] Notificacion enviada exitosamente (message_id=52).
2026-09-27 21:16:14 [INFO    ] asset-sentinel: FIN DE CICLO | expedia.com | Subdominios: 3487 | Hosts activos: 2 | Hallazgos: 0
2026-09-27 21:16:14 [INFO    ] asset-sentinel: ============================================================
2026-09-27 21:16:14 [INFO    ] asset-sentinel: INICIO DE CICLO | Objetivo: zooplus.net
2026-09-27 21:16:14 [INFO    ] asset-sentinel: ============================================================
2026-09-27 21:16:14 [INFO    ] core.notifier: [Notifier] Notificacion enviada exitosamente (message_id=53).
2026-09-27 21:16:14 [INFO    ] core.scanner: [Recon] Iniciando descubrimiento de subdominios para: zooplus.net
2026-09-27 21:16:52 [INFO    ] core.scanner: [Recon] 224 subdominios descubiertos para zooplus.net.
2026-09-27 21:16:52 [INFO    ] asset-sentinel: ⚡ [Delta] 224 NUEVO(S) subdominios detectados para zooplus.net!
2026-09-27 21:16:52 [INFO    ] core.notifier: [Notifier] Notificacion enviada exitosamente (message_id=54).
2026-09-27 21:16:52 [INFO    ] core.scanner: [LiveCheck] Verificando 225 hosts con httpx...
2026-09-27 21:16:53 [INFO    ] core.scanner: [LiveCheck] 2 hosts activos encontrados.
2026-09-27 21:16:53 [INFO    ] core.scanner: [Nuclei] Iniciando escaneo sobre 2 hosts...
2026-09-27 21:17:21 [INFO    ] core.scanner: [Nuclei] 0 hallazgos encontrados.
2026-09-27 21:17:21 [INFO    ] core.notifier: [Notifier] Notificacion enviada exitosamente (message_id=55).
2026-09-27 21:17:21 [INFO    ] asset-sentinel: FIN DE CICLO | zooplus.net | Subdominios: 224 | Hosts activos: 2 | Hallazgos: 0
2026-09-27 21:17:21 [INFO    ] asset-sentinel: ============================================================
2026-09-27 21:17:21 [INFO    ] asset-sentinel: INICIO DE CICLO | Objetivo: zooplus.de
2026-09-27 21:17:21 [INFO    ] asset-sentinel: ============================================================
2026-09-27 21:17:21 [INFO    ] core.notifier: [Notifier] Notificacion enviada exitosamente (message_id=56).
2026-09-27 21:17:21 [INFO    ] core.scanner: [Recon] Iniciando descubrimiento de subdominios para: zooplus.de
2026-09-27 21:18:00 [INFO    ] core.scanner: [Recon] 57 subdominios descubiertos para zooplus.de.
2026-09-27 21:18:00 [INFO    ] asset-sentinel: ⚡ [Delta] 57 NUEVO(S) subdominios detectados para zooplus.de!
2026-09-27 21:18:00 [INFO    ] core.notifier: [Notifier] Notificacion enviada exitosamente (message_id=57).
2026-09-27 21:18:00 [INFO    ] core.scanner: [LiveCheck] Verificando 58 hosts con httpx...
2026-09-27 21:18:00 [INFO    ] core.scanner: [LiveCheck] 2 hosts activos encontrados.
2026-09-27 21:18:00 [INFO    ] core.scanner: [Nuclei] Iniciando escaneo sobre 2 hosts...
2026-09-27 21:18:29 [INFO    ] core.scanner: [Nuclei] 0 hallazgos encontrados.
2026-09-27 21:18:29 [INFO    ] core.notifier: [Notifier] Notificacion enviada exitosamente (message_id=58).
2026-09-27 21:18:29 [INFO    ] asset-sentinel: FIN DE CICLO | zooplus.de | Subdominios: 57 | Hosts activos: 2 | Hallazgos: 0
2026-09-27 21:18:29 [INFO    ] asset-sentinel: ============================================================
2026-09-27 21:18:29 [INFO    ] asset-sentinel: INICIO DE CICLO | Objetivo: zooplus.com
2026-09-27 21:18:29 [INFO    ] asset-sentinel: ============================================================
2026-09-27 21:18:29 [INFO    ] core.notifier: [Notifier] Notificacion enviada exitosamente (message_id=59).
2026-09-27 21:18:29 [INFO    ] core.scanner: [Recon] Iniciando descubrimiento de subdominios para: zooplus.com
2026-09-27 21:19:17 [INFO    ] core.scanner: [Recon] 89 subdominios descubiertos para zooplus.com.
2026-09-27 21:19:17 [INFO    ] asset-sentinel: ⚡ [Delta] 89 NUEVO(S) subdominios detectados para zooplus.com!
2026-09-27 21:19:18 [INFO    ] core.notifier: [Notifier] Notificacion enviada exitosamente (message_id=60).
2026-09-27 21:19:18 [INFO    ] core.scanner: [LiveCheck] Verificando 90 hosts con httpx...
2026-09-27 21:19:18 [INFO    ] core.scanner: [LiveCheck] 2 hosts activos encontrados.
2026-09-27 21:19:18 [INFO    ] core.scanner: [Nuclei] Iniciando escaneo sobre 2 hosts...
2026-09-27 21:19:46 [INFO    ] core.scanner: [Nuclei] 0 hallazgos encontrados.
2026-09-27 21:19:46 [INFO    ] core.notifier: [Notifier] Notificacion enviada exitosamente (message_id=61).
2026-09-27 21:19:46 [INFO    ] asset-sentinel: FIN DE CICLO | zooplus.com | Subdominios: 89 | Hosts activos: 2 | Hallazgos: 0
2026-09-27 21:19:46 [INFO    ] asset-sentinel: ============================================================
2026-09-27 21:19:46 [INFO    ] asset-sentinel: INICIO DE CICLO | Objetivo: shop.whoop.com
2026-09-27 21:19:46 [INFO    ] asset-sentinel: ============================================================
2026-09-27 21:19:47 [INFO    ] core.notifier: [Notifier] Notificacion enviada exitosamente (message_id=62).
2026-09-27 21:19:47 [INFO    ] core.scanner: [Recon] Iniciando descubrimiento de subdominios para: shop.whoop.com
2026-09-27 21:20:32 [INFO    ] core.scanner: [Recon] 8 subdominios descubiertos para shop.whoop.com.
2026-09-27 21:20:32 [INFO    ] asset-sentinel: ⚡ [Delta] 8 NUEVO(S) subdominios detectados para shop.whoop.com!
2026-09-27 21:20:32 [INFO    ] core.notifier: [Notifier] Notificacion enviada exitosamente (message_id=63).
2026-09-27 21:20:32 [INFO    ] core.scanner: [LiveCheck] Verificando 9 hosts con httpx...
2026-09-27 21:20:32 [INFO    ] core.scanner: [LiveCheck] 2 hosts activos encontrados.
2026-09-27 21:20:32 [INFO    ] core.scanner: [Nuclei] Iniciando escaneo sobre 2 hosts...
2026-09-27 21:20:59 [INFO    ] core.scanner: [Nuclei] 0 hallazgos encontrados.
2026-09-27 21:20:59 [INFO    ] core.notifier: [Notifier] Notificacion enviada exitosamente (message_id=64).
2026-09-27 21:20:59 [INFO    ] asset-sentinel: FIN DE CICLO | shop.whoop.com | Subdominios: 8 | Hosts activos: 2 | Hallazgos: 0
2026-09-27 21:20:59 [INFO    ] asset-sentinel: ============================================================
2026-09-27 21:20:59 [INFO    ] asset-sentinel: INICIO DE CICLO | Objetivo: app.whoop.com
2026-09-27 21:20:59 [INFO    ] asset-sentinel: ============================================================
2026-09-27 21:21:00 [INFO    ] core.notifier: [Notifier] Notificacion enviada exitosamente (message_id=65).
2026-09-27 21:21:00 [INFO    ] core.scanner: [Recon] Iniciando descubrimiento de subdominios para: app.whoop.com
2026-09-27 21:22:00 [INFO    ] core.scanner: [Recon] 2 subdominios descubiertos para app.whoop.com.
2026-09-27 21:22:00 [INFO    ] asset-sentinel: ⚡ [Delta] 2 NUEVO(S) subdominios detectados para app.whoop.com!
2026-09-27 21:22:00 [INFO    ] core.notifier: [Notifier] Notificacion enviada exitosamente (message_id=66).
2026-09-27 21:22:00 [INFO    ] core.scanner: [LiveCheck] Verificando 3 hosts con httpx...
2026-09-27 21:22:00 [INFO    ] core.scanner: [LiveCheck] 2 hosts activos encontrados.
2026-09-27 21:22:00 [INFO    ] core.scanner: [Nuclei] Iniciando escaneo sobre 2 hosts...
2026-09-27 21:22:29 [INFO    ] core.scanner: [Nuclei] 0 hallazgos encontrados.
2026-09-27 21:22:30 [INFO    ] core.notifier: [Notifier] Notificacion enviada exitosamente (message_id=67).
2026-09-27 21:22:30 [INFO    ] asset-sentinel: FIN DE CICLO | app.whoop.com | Subdominios: 2 | Hosts activos: 2 | Hallazgos: 0
2026-09-27 21:22:30 [INFO    ] asset-sentinel: ============================================================
2026-09-27 21:22:30 [INFO    ] asset-sentinel: INICIO DE CICLO | Objetivo: api.prod.whoop.com
2026-09-27 21:22:30 [INFO    ] asset-sentinel: ============================================================
2026-09-27 21:22:30 [INFO    ] core.notifier: [Notifier] Notificacion enviada exitosamente (message_id=68).
2026-09-27 21:22:30 [INFO    ] core.scanner: [Recon] Iniciando descubrimiento de subdominios para: api.prod.whoop.com
